File Processing Results:
tests/MLIR_core_tests/me/Vector/CPU/0-d-vectors.mlir: Success
tests/MLIR_core_tests/me/Vector/CPU/broadcast.mlir: Success
tests/MLIR_core_tests/me/Vector/CPU/compress.mlir: Success
tests/MLIR_core_tests/me/Vector/CPU/constant-mask.mlir: Success
tests/MLIR_core_tests/me/Vector/CPU/contraction.mlir: Success
tests/MLIR_core_tests/me/Vector/CPU/create-mask-v4i1.mlir: Success
tests/MLIR_core_tests/me/Vector/CPU/create-mask.mlir: Success
tests/MLIR_core_tests/me/Vector/CPU/expand.mlir: Success
tests/MLIR_core_tests/me/Vector/CPU/extract-strided-slice.mlir: Success
tests/MLIR_core_tests/me/Vector/CPU/flat-transpose-col.mlir: Success
tests/MLIR_core_tests/me/Vector/CPU/flat-transpose-row.mlir: Success
tests/MLIR_core_tests/me/Vector/CPU/fma.mlir: Success
tests/MLIR_core_tests/me/Vector/CPU/gather.mlir: Success
tests/MLIR_core_tests/me/Vector/CPU/index-vectors.mlir: Success
tests/MLIR_core_tests/me/Vector/CPU/insert-strided-slice.mlir: Success
tests/MLIR_core_tests/me/Vector/CPU/interleave.mlir: Success
tests/MLIR_core_tests/me/Vector/CPU/maskedload.mlir: Success
tests/MLIR_core_tests/me/Vector/CPU/maskedstore.mlir: Success
tests/MLIR_core_tests/me/Vector/CPU/matrix-multiply-col.mlir: Success
tests/MLIR_core_tests/me/Vector/CPU/matrix-multiply-row.mlir: Success
tests/MLIR_core_tests/me/Vector/CPU/outerproduct-f32.mlir: Success
tests/MLIR_core_tests/me/Vector/CPU/outerproduct-i64.mlir: Success
tests/MLIR_core_tests/me/Vector/CPU/print-fp.mlir: Success
tests/MLIR_core_tests/me/Vector/CPU/print-int.mlir: Success
tests/MLIR_core_tests/me/Vector/CPU/print-str.mlir: Success
tests/MLIR_core_tests/me/Vector/CPU/realloc.mlir: Failure
tests/MLIR_core_tests/me/Vector/CPU/reductions-f32-reassoc.mlir: Success
tests/MLIR_core_tests/me/Vector/CPU/reductions-f32.mlir: Success
tests/MLIR_core_tests/me/Vector/CPU/reductions-f64-reassoc.mlir: Success
tests/MLIR_core_tests/me/Vector/CPU/reductions-f64.mlir: Success
tests/MLIR_core_tests/me/Vector/CPU/reductions-i32.mlir: Success
tests/MLIR_core_tests/me/Vector/CPU/reductions-i4.mlir: Success
tests/MLIR_core_tests/me/Vector/CPU/reductions-i64.mlir: Success
tests/MLIR_core_tests/me/Vector/CPU/reductions-si4.mlir: Success
tests/MLIR_core_tests/me/Vector/CPU/reductions-ui4.mlir: Success
tests/MLIR_core_tests/me/Vector/CPU/rewrite-narrow-types.mlir: Failure
tests/MLIR_core_tests/me/Vector/CPU/scan.mlir: Failure
tests/MLIR_core_tests/me/Vector/CPU/scatter.mlir: Success
tests/MLIR_core_tests/me/Vector/CPU/shape-cast.mlir: Success
tests/MLIR_core_tests/me/Vector/CPU/shuffle.mlir: Success
tests/MLIR_core_tests/me/Vector/CPU/shuffle16x16.mlir: Failure
tests/MLIR_core_tests/me/Vector/CPU/sparse-dot-matvec.mlir: Success
tests/MLIR_core_tests/me/Vector/CPU/sparse-saxpy-jagged-matvec.mlir: Success
tests/MLIR_core_tests/me/Vector/CPU/test-deinterleave.mlir: Success
tests/MLIR_core_tests/me/Vector/CPU/transfer-read-1d.mlir: Success
tests/MLIR_core_tests/me/Vector/CPU/transfer-read-2d.mlir: Success
tests/MLIR_core_tests/me/Vector/CPU/transfer-read-3d.mlir: Success
tests/MLIR_core_tests/me/Vector/CPU/transfer-read.mlir: Success
tests/MLIR_core_tests/me/Vector/CPU/transfer-to-loops.mlir: Success
tests/MLIR_core_tests/me/Vector/CPU/transfer-write.mlir: Success
tests/MLIR_core_tests/me/Vector/CPU/transpose.mlir: Success
tests/MLIR_core_tests/me/Standard/CPU/test-ceil-floor-pos-neg.mlir: Success
tests/MLIR_core_tests/me/Standard/CPU/test_subview.mlir: Success
tests/MLIR_core_tests/me/MemRef/cast-runtime-verification.mlir: Success
tests/MLIR_core_tests/me/MemRef/load-runtime-verification.mlir: Success
tests/MLIR_core_tests/me/MemRef/print-memref.mlir: Success
tests/MLIR_core_tests/me/MemRef/reinterpret-cast-runtime-verification.mlir: Success
tests/MLIR_core_tests/me/MemRef/subview-runtime-verification.mlir: Success
tests/MLIR_core_tests/me/MemRef/verify-memref.mlir: Failure
tests/MLIR_core_tests/me/Math/CPU/mathtofuncs_ctlz.mlir: Success
tests/MLIR_core_tests/me/LLVMIR/CPU/test-complex-sparse-constant.mlir: Success
tests/MLIR_core_tests/me/LLVMIR/CPU/test-vector-reductions-fp.mlir: Success
tests/MLIR_core_tests/me/LLVMIR/CPU/test-vector-reductions-int.mlir: Success
tests/MLIR_core_tests/me/LLVMIR/CPU/test-vp-intrinsic.mlir: Success
tests/MLIR_core_tests/me/LLVMIR/CPU/X86/test-inline-asm-vector.mlir: Success
tests/MLIR_core_tests/me/LLVMIR/CPU/X86/test-inline-asm.mlir: Success
