File Processing Results:
output_modules/lower-affine-to-vector_split_1733519303_1.mlir: Success
output_modules/lower-affine-to-vector_split_1733519303_2.mlir: Success
output_modules/lower-affine-to-vector_split_1733519303_3.mlir: Success
output_modules/lower-affine-to-vector_split_1733519303_4.mlir: Failure
output_modules/no-memref_split_1733519303_1.mlir: Success
output_modules/arith-to-llvm_split_1733519303_1.mlir: Success
output_modules/arith-to-llvm_split_1733519303_2.mlir: Success
output_modules/arith-to-llvm_split_1733519303_3.mlir: Success
output_modules/arith-to-llvm_split_1733519303_4.mlir: Success
output_modules/arith-to-llvm_split_1733519303_5.mlir: Success
output_modules/arith-to-llvm_split_1733519303_6.mlir: Success
output_modules/arith-to-llvm_split_1733519303_7.mlir: Success
output_modules/arith-to-llvm_split_1733519303_8.mlir: Success
output_modules/arith-to-llvm_split_1733519303_9.mlir: Success
output_modules/arith-to-llvm_split_1733519303_10.mlir: Success
output_modules/arith-to-llvm_split_1733519303_11.mlir: Success
output_modules/arith-to-llvm_split_1733519303_12.mlir: Success
output_modules/arith-to-llvm_split_1733519303_13.mlir: Success
output_modules/arith-to-llvm_split_1733519303_14.mlir: Success
output_modules/convert-nd-vector-to-llvmir_split_1733519303_1.mlir: Success
output_modules/convert-nd-vector-to-llvmir_split_1733519303_2.mlir: Success
output_modules/convert-nd-vector-to-llvmir_split_1733519303_3.mlir: Success
output_modules/bufferization-to-memref_split_1733519303_1.mlir: Success
output_modules/bufferization-to-memref_split_1733519303_2.mlir: Success
output_modules/bufferization-to-memref_split_1733519303_3.mlir: Success
output_modules/bufferization-to-memref_split_1733519303_4.mlir: Success
output_modules/bufferization-to-memref_split_1733519303_5.mlir: Success
output_modules/bufferization-to-memref_split_1733519303_6.mlir: Success
output_modules/convert-to-llvm_split_1733519304_1.mlir: Success
output_modules/full-conversion_split_1733519304_1.mlir: Success
output_modules/convert-to-libm_split_1733519304_1.mlir: Success
output_modules/convert-to-standard_split_1733519304_1.mlir: Success
output_modules/convert-to-standard_split_1733519304_2.mlir: Success
output_modules/convert-to-standard_split_1733519304_3.mlir: Success
output_modules/convert-to-standard_split_1733519304_4.mlir: Success
output_modules/convert-to-standard_split_1733519304_5.mlir: Success
output_modules/convert-to-standard_split_1733519304_6.mlir: Success
output_modules/convert-to-standard_split_1733519304_7.mlir: Success
output_modules/convert-to-standard_split_1733519304_8.mlir: Success
output_modules/convert-to-standard_split_1733519304_9.mlir: Success
output_modules/convert-to-standard_split_1733519304_10.mlir: Success
output_modules/convert-to-standard_split_1733519304_11.mlir: Success
output_modules/convert-to-standard_split_1733519304_12.mlir: Success
output_modules/convert-to-standard_split_1733519304_13.mlir: Success
output_modules/convert-to-standard_split_1733519304_14.mlir: Success
output_modules/convert-to-standard_split_1733519304_15.mlir: Success
output_modules/convert-to-standard_split_1733519304_16.mlir: Success
output_modules/convert-to-standard_split_1733519304_17.mlir: Success
output_modules/convert-to-standard_split_1733519304_18.mlir: Success
output_modules/convert-to-standard_split_1733519304_19.mlir: Success
output_modules/convert-to-standard_split_1733519304_20.mlir: Success
output_modules/convert-to-standard_split_1733519304_21.mlir: Success
output_modules/convert-to-standard_split_1733519304_22.mlir: Success
output_modules/convert-to-standard_split_1733519304_23.mlir: Success
output_modules/convert-to-standard_split_1733519304_24.mlir: Success
output_modules/convert-to-standard_split_1733519304_25.mlir: Success
output_modules/convert-to-standard_split_1733519304_26.mlir: Success
output_modules/convert-to-standard_split_1733519304_27.mlir: Success
output_modules/convert-to-standard_split_1733519304_28.mlir: Success
output_modules/convert-to-standard_split_1733519304_29.mlir: Success
output_modules/convert-to-standard_split_1733519304_30.mlir: Success
output_modules/convert-to-standard_split_1733519304_31.mlir: Success
output_modules/convert-to-standard_split_1733519304_32.mlir: Success
output_modules/convert-to-standard_split_1733519304_33.mlir: Success
output_modules/convert-to-standard_split_1733519304_34.mlir: Success
output_modules/convert-to-standard_split_1733519304_35.mlir: Success
output_modules/convert-to-standard_split_1733519304_36.mlir: Success
output_modules/convert-to-standard_split_1733519304_37.mlir: Success
output_modules/convert-to-standard_split_1733519304_38.mlir: Success
output_modules/convert-to-standard_split_1733519304_39.mlir: Success
output_modules/convert-to-standard_split_1733519304_40.mlir: Success
output_modules/convert-to-standard_split_1733519304_41.mlir: Success
output_modules/convert-to-standard_split_1733519304_42.mlir: Success
output_modules/convert-to-standard_split_1733519304_43.mlir: Success
output_modules/convert-to-standard_split_1733519304_44.mlir: Success
output_modules/assert_split_1733519304_1.mlir: Success
output_modules/invalid_split_1733519304_1.mlir: Failure
output_modules/calling-convention_split_1733519304_1.mlir: Success
output_modules/convert-argattrs_split_1733519304_1.mlir: Success
output_modules/convert-data-layout_split_1733519304_1.mlir: Failure
output_modules/convert-funcs_split_1733519304_1.mlir: Success
output_modules/convert-funcs_split_1733519304_2.mlir: Success
output_modules/convert-funcs_split_1733519304_3.mlir: Failure
output_modules/convert-funcs_split_1733519304_4.mlir: Failure
output_modules/emit-c-wrappers-for-external-callers_split_1733519304_1.mlir: Success
output_modules/emit-c-wrappers-for-external-functions_split_1733519304_1.mlir: Failure
output_modules/func-memref-return_split_1733519304_1.mlir: Failure
output_modules/func-memref_split_1733519304_1.mlir: Success
output_modules/func-memref_split_1733519304_2.mlir: Success
output_modules/func-memref_split_1733519304_3.mlir: Success
output_modules/func-memref_split_1733519304_4.mlir: Success
output_modules/func-memref_split_1733519304_5.mlir: Success
output_modules/func-memref_split_1733519304_6.mlir: Failure
output_modules/func-memref_split_1733519304_7.mlir: Success
output_modules/func-memref_split_1733519304_8.mlir: Success
output_modules/func-to-llvm_split_1733519304_1.mlir: Failure
output_modules/invalid_split_1733519304_2.mlir: Failure
output_modules/index-to-llvm_split_1733519304_1.mlir: Success
output_modules/types_split_1733519305_1.mlir: Failure
output_modules/types_split_1733519305_2.mlir: Success
output_modules/types_split_1733519305_3.mlir: Failure
output_modules/types_split_1733519305_4.mlir: Success
output_modules/types_split_1733519305_5.mlir: Failure
output_modules/types_split_1733519305_6.mlir: Success
output_modules/math-to-llvm_split_1733519305_1.mlir: Success
output_modules/math-to-llvm_split_1733519305_2.mlir: Success
output_modules/math-to-llvm_split_1733519305_3.mlir: Success
output_modules/math-to-llvm_split_1733519305_4.mlir: Success
output_modules/math-to-llvm_split_1733519305_5.mlir: Success
output_modules/math-to-llvm_split_1733519305_6.mlir: Success
output_modules/math-to-llvm_split_1733519305_7.mlir: Success
output_modules/math-to-llvm_split_1733519305_8.mlir: Success
output_modules/math-to-llvm_split_1733519305_9.mlir: Success
output_modules/math-to-llvm_split_1733519305_10.mlir: Success
output_modules/math-to-llvm_split_1733519305_11.mlir: Success
output_modules/math-to-llvm_split_1733519305_12.mlir: Success
output_modules/math-to-llvm_split_1733519305_13.mlir: Success
output_modules/math-to-llvm_split_1733519305_14.mlir: Success
output_modules/math-to-llvm_split_1733519305_15.mlir: Success
output_modules/math-to-llvm_split_1733519305_16.mlir: Success
output_modules/math-to-llvm_split_1733519305_17.mlir: Success
output_modules/math-to-llvm_split_1733519305_18.mlir: Success
output_modules/math-to-llvm_split_1733519305_19.mlir: Success
output_modules/math-to-llvm_split_1733519305_20.mlir: Success
output_modules/math-to-llvm_split_1733519305_21.mlir: Success
output_modules/math-to-llvm_split_1733519305_22.mlir: Success
output_modules/math-to-llvm_split_1733519305_23.mlir: Success
output_modules/math-to-llvm_split_1733519305_24.mlir: Success
output_modules/math-to-llvm_split_1733519305_25.mlir: Success
output_modules/math-to-llvm_split_1733519305_26.mlir: Success
output_modules/math-to-llvm_split_1733519305_27.mlir: Success
output_modules/math-to-llvm_split_1733519305_28.mlir: Success
output_modules/math-to-llvm_split_1733519305_29.mlir: Success
output_modules/math-to-llvm_split_1733519305_30.mlir: Success
output_modules/math-to-llvm_split_1733519305_31.mlir: Success
output_modules/math-to-llvm_split_1733519305_32.mlir: Success
output_modules/math-to-llvm_split_1733519305_33.mlir: Success
output_modules/math-to-llvm_split_1733519305_34.mlir: Success
output_modules/math-to-llvm_split_1733519305_35.mlir: Success
output_modules/convert-to-libm_split_1733519305_1.mlir: Success
output_modules/convert-alloca-scope_split_1733519305_1.mlir: Success
output_modules/convert-dynamic-memref-ops_split_1733519305_1.mlir: Success
output_modules/convert-dynamic-memref-ops_split_1733519305_2.mlir: Success
output_modules/invalid_split_1733519305_1.mlir: Failure
output_modules/convert-dynamic-memref-ops_split_1733519305_3.mlir: Success
output_modules/convert-dynamic-memref-ops_split_1733519305_4.mlir: Success
output_modules/convert-dynamic-memref-ops_split_1733519305_5.mlir: Success
output_modules/convert-dynamic-memref-ops_split_1733519305_6.mlir: Success
output_modules/convert-dynamic-memref-ops_split_1733519305_7.mlir: Success
output_modules/convert-dynamic-memref-ops_split_1733519305_8.mlir: Success
output_modules/convert-dynamic-memref-ops_split_1733519305_9.mlir: Success
output_modules/convert-dynamic-memref-ops_split_1733519305_10.mlir: Success
output_modules/convert-dynamic-memref-ops_split_1733519305_11.mlir: Success
output_modules/convert-dynamic-memref-ops_split_1733519305_12.mlir: Success
output_modules/convert-dynamic-memref-ops_split_1733519305_13.mlir: Success
output_modules/convert-dynamic-memref-ops_split_1733519305_14.mlir: Success
output_modules/convert-dynamic-memref-ops_split_1733519305_15.mlir: Success
output_modules/convert-dynamic-memref-ops_split_1733519305_16.mlir: Success
output_modules/convert-dynamic-memref-ops_split_1733519305_17.mlir: Success
output_modules/convert-dynamic-memref-ops_split_1733519305_18.mlir: Success
output_modules/convert-dynamic-memref-ops_split_1733519305_19.mlir: Success
output_modules/convert-dynamic-memref-ops_split_1733519305_20.mlir: Success
output_modules/convert-dynamic-memref-ops_split_1733519305_21.mlir: Success
output_modules/convert-dynamic-memref-ops_split_1733519305_22.mlir: Success
output_modules/convert-dynamic-memref-ops_split_1733519305_23.mlir: Success
output_modules/convert-dynamic-memref-ops_split_1733519305_24.mlir: Success
output_modules/convert-dynamic-memref-ops_split_1733519305_25.mlir: Success
output_modules/convert-dynamic-memref-ops_split_1733519305_26.mlir: Success
output_modules/convert-dynamic-memref-ops_split_1733519305_27.mlir: Success
output_modules/convert-dynamic-memref-ops_split_1733519305_28.mlir: Success
output_modules/convert-dynamic-memref-ops_split_1733519305_29.mlir: Success
output_modules/convert-dynamic-memref-ops_split_1733519305_30.mlir: Success
output_modules/convert-dynamic-memref-ops_split_1733519305_31.mlir: Success
output_modules/convert-static-memref-ops_split_1733519305_1.mlir: Success
output_modules/convert-static-memref-ops_split_1733519305_2.mlir: Success
output_modules/convert-static-memref-ops_split_1733519305_3.mlir: Success
output_modules/convert-static-memref-ops_split_1733519305_4.mlir: Success
output_modules/convert-static-memref-ops_split_1733519305_5.mlir: Success
output_modules/convert-static-memref-ops_split_1733519305_6.mlir: Success
output_modules/convert-static-memref-ops_split_1733519305_7.mlir: Success
output_modules/convert-static-memref-ops_split_1733519305_8.mlir: Success
output_modules/convert-static-memref-ops_split_1733519305_9.mlir: Success
output_modules/convert-static-memref-ops_split_1733519305_10.mlir: Success
output_modules/convert-static-memref-ops_split_1733519305_11.mlir: Success
output_modules/convert-static-memref-ops_split_1733519305_12.mlir: Success
output_modules/convert-static-memref-ops_split_1733519305_13.mlir: Success
output_modules/convert-static-memref-ops_split_1733519305_14.mlir: Success
output_modules/convert-static-memref-ops_split_1733519305_15.mlir: Success
output_modules/convert-static-memref-ops_split_1733519305_16.mlir: Success
output_modules/convert-static-memref-ops_split_1733519305_17.mlir: Success
output_modules/expand-then-convert-to-llvm_split_1733519305_1.mlir: Failure
output_modules/expand-then-convert-to-llvm_split_1733519305_2.mlir: Success
output_modules/expand-then-convert-to-llvm_split_1733519305_3.mlir: Success
output_modules/expand-then-convert-to-llvm_split_1733519305_4.mlir: Success
output_modules/expand-then-convert-to-llvm_split_1733519305_5.mlir: Success
output_modules/expand-then-convert-to-llvm_split_1733519305_6.mlir: Success
output_modules/expand-then-convert-to-llvm_split_1733519305_7.mlir: Success
output_modules/expand-then-convert-to-llvm_split_1733519305_8.mlir: Success
output_modules/expand-then-convert-to-llvm_split_1733519305_9.mlir: Success
output_modules/expand-then-convert-to-llvm_split_1733519305_10.mlir: Success
output_modules/expand-then-convert-to-llvm_split_1733519305_11.mlir: Success
output_modules/expand-then-convert-to-llvm_split_1733519305_12.mlir: Success
output_modules/expand-then-convert-to-llvm_split_1733519305_13.mlir: Success
output_modules/expand-then-convert-to-llvm_split_1733519305_14.mlir: Success
output_modules/expand-then-convert-to-llvm_split_1733519305_15.mlir: Success
output_modules/expand-then-convert-to-llvm_split_1733519305_16.mlir: Success
output_modules/expand-then-convert-to-llvm_split_1733519305_17.mlir: Success
output_modules/expand-then-convert-to-llvm_split_1733519305_18.mlir: Success
output_modules/expand-then-convert-to-llvm_split_1733519305_19.mlir: Success
output_modules/expand-then-convert-to-llvm_split_1733519305_20.mlir: Success
output_modules/expand-then-convert-to-llvm_split_1733519305_21.mlir: Success
output_modules/generic-functions_split_1733519305_1.mlir: Success
output_modules/generic-functions_split_1733519305_2.mlir: Success
output_modules/issue-70160_split_1733519305_1.mlir: Failure
output_modules/memref-to-llvm_split_1733519305_1.mlir: Success
output_modules/memref-to-llvm_split_1733519305_2.mlir: Success
output_modules/memref-to-llvm_split_1733519305_3.mlir: Success
output_modules/memref-to-llvm_split_1733519305_4.mlir: Success
output_modules/memref-to-llvm_split_1733519305_5.mlir: Success
output_modules/memref-to-llvm_split_1733519305_6.mlir: Success
output_modules/memref-to-llvm_split_1733519305_7.mlir: Success
output_modules/memref-to-llvm_split_1733519305_8.mlir: Success
output_modules/memref-to-llvm_split_1733519305_9.mlir: Success
output_modules/memref-to-llvm_split_1733519305_10.mlir: Success
output_modules/memref-to-llvm_split_1733519305_11.mlir: Success
output_modules/memref-to-llvm_split_1733519305_12.mlir: Success
output_modules/memref-to-llvm_split_1733519305_13.mlir: Success
output_modules/memref-to-llvm_split_1733519305_14.mlir: Success
output_modules/memref-to-llvm_split_1733519305_15.mlir: Success
output_modules/memref-to-llvm_split_1733519305_16.mlir: Success
output_modules/memref-to-llvm_split_1733519305_17.mlir: Success
output_modules/memref-to-llvm_split_1733519305_18.mlir: Success
output_modules/memref-to-llvm_split_1733519305_19.mlir: Success
output_modules/memref-to-llvm_split_1733519305_20.mlir: Success
output_modules/memref-to-llvm_split_1733519305_21.mlir: Success
output_modules/memref-to-llvm_split_1733519305_22.mlir: Success
output_modules/memref-to-llvm_split_1733519305_23.mlir: Success
output_modules/memref-to-llvm_split_1733519305_24.mlir: Success
output_modules/memref-to-llvm_split_1733519305_25.mlir: Success
output_modules/memref-to-llvm_split_1733519305_26.mlir: Success
output_modules/reconcile-unrealized-casts_split_1733519305_1.mlir: Success
output_modules/reconcile-unrealized-casts_split_1733519305_2.mlir: Success
output_modules/reconcile-unrealized-casts_split_1733519305_3.mlir: Success
output_modules/reconcile-unrealized-casts_split_1733519305_4.mlir: Success
output_modules/reconcile-unrealized-casts_split_1733519305_5.mlir: Success
output_modules/reconcile-unrealized-casts_split_1733519305_6.mlir: Success
output_modules/reconcile-unrealized-casts_split_1733519305_7.mlir: Success
output_modules/reconcile-unrealized-casts_split_1733519305_8.mlir: Success
output_modules/reconcile-unrealized-casts_split_1733519305_9.mlir: Success
output_modules/reconcile-unrealized-casts_split_1733519305_10.mlir: Success
output_modules/reconcile-unrealized-casts_split_1733519305_11.mlir: Success
output_modules/reconcile-unrealized-casts_split_1733519305_12.mlir: Success
output_modules/reconcile-unrealized-casts_split_1733519305_13.mlir: Success
output_modules/reconcile-unrealized-casts_split_1733519305_14.mlir: Success
output_modules/reconcile-unrealized-casts_split_1733519305_15.mlir: Success
output_modules/convert-to-cfg_split_1733519305_1.mlir: Failure
output_modules/convert-to-cfg_split_1733519305_2.mlir: Success
