File Processing Results:
circt_splited_files/aig-to-comb_split_1733552008_1.mlir: Failure
circt_splited_files/loops_split_1733552008_1.mlir: Failure
circt_splited_files/lower-arc-to-llvm_split_1733552008_1.mlir: Failure
circt_splited_files/arith-ops_split_1733552008_1.mlir: Failure
circt_splited_files/call_split_1733552008_1.mlir: Failure
circt_splited_files/call_split_1733552008_2.mlir: Failure
circt_splited_files/disable-task-pipelining_split_1733552008_1.mlir: Failure
circt_splited_files/disable-task-pipelining_split_1733552008_2.mlir: Failure
circt_splited_files/external-memory_split_1733552008_1.mlir: Failure
circt_splited_files/external-memory_split_1733552008_2.mlir: Failure
circt_splited_files/func_split_1733552008_1.mlir: Failure
circt_splited_files/func_split_1733552008_2.mlir: Failure
circt_splited_files/func_split_1733552008_3.mlir: Failure
circt_splited_files/insert-merge-blocks-invalid_split_1733552008_1.mlir: Failure
circt_splited_files/insert-merge-blocks-invalid_split_1733552008_2.mlir: Failure
circt_splited_files/insert-merge-blocks-invalid_split_1733552008_3.mlir: Failure
circt_splited_files/insert-merge-blocks_split_1733552008_1.mlir: Failure
circt_splited_files/insert-merge-blocks_split_1733552008_2.mlir: Failure
circt_splited_files/insert-merge-blocks_split_1733552008_3.mlir: Failure
circt_splited_files/insert-merge-blocks_split_1733552008_4.mlir: Failure
circt_splited_files/insert-merge-blocks_split_1733552008_5.mlir: Failure
circt_splited_files/insert-merge-blocks_split_1733552008_6.mlir: Failure
circt_splited_files/insert-merge-blocks_split_1733552008_7.mlir: Failure
circt_splited_files/insert-merge-blocks_split_1733552008_8.mlir: Failure
circt_splited_files/insert-merge-blocks_split_1733552008_9.mlir: Failure
circt_splited_files/invalid_split_1733552008_1.mlir: Failure
circt_splited_files/invalid_split_1733552008_2.mlir: Failure
circt_splited_files/invalid_split_1733552008_3.mlir: Failure
circt_splited_files/invalid_split_1733552008_4.mlir: Failure
circt_splited_files/maximize-ssa_split_1733552008_1.mlir: Failure
circt_splited_files/maximize-ssa_split_1733552008_2.mlir: Failure
circt_splited_files/maximize-ssa_split_1733552008_3.mlir: Failure
circt_splited_files/maximize-ssa_split_1733552008_4.mlir: Failure
circt_splited_files/maximize-ssa_split_1733552008_5.mlir: Failure
circt_splited_files/maximize-ssa_split_1733552008_6.mlir: Failure
circt_splited_files/maximize-ssa_split_1733552008_7.mlir: Failure
circt_splited_files/maximize-ssa_split_1733552008_8.mlir: Failure
circt_splited_files/maximize-ssa_split_1733552008_9.mlir: Failure
circt_splited_files/memref_split_1733552008_1.mlir: Failure
circt_splited_files/memref_split_1733552008_2.mlir: Failure
circt_splited_files/memref_split_1733552008_3.mlir: Failure
circt_splited_files/memref_split_1733552008_4.mlir: Failure
circt_splited_files/memref_split_1733552008_5.mlir: Failure
circt_splited_files/naming_split_1733552008_1.mlir: Failure
circt_splited_files/source-constants_split_1733552008_1.mlir: Failure
circt_splited_files/task-pipelining-invalid_split_1733552008_1.mlir: Failure
circt_splited_files/task-pipelining-invalid_split_1733552008_2.mlir: Failure
circt_splited_files/task-pipelining_split_1733552008_1.mlir: Failure
circt_splited_files/task-pipelining_split_1733552008_2.mlir: Failure
circt_splited_files/task-pipelining_split_1733552008_3.mlir: Failure
circt_splited_files/task-pipelining_split_1733552008_4.mlir: Failure
circt_splited_files/task-pipelining_split_1733552008_5.mlir: Failure
circt_splited_files/task-pipelining_split_1733552008_6.mlir: Failure
circt_splited_files/task-pipelining_split_1733552008_7.mlir: Failure
circt_splited_files/task-pipelining_split_1733552008_8.mlir: Failure
circt_splited_files/task-pipelining_split_1733552008_9.mlir: Failure
circt_splited_files/task-pipelining_split_1733552008_10.mlir: Failure
circt_splited_files/task-pipelining_split_1733552008_11.mlir: Failure
circt_splited_files/lower-if_split_1733552008_1.mlir: Failure
circt_splited_files/lower-invoke_split_1733552008_1.mlir: Failure
circt_splited_files/lower-seq_split_1733552009_1.mlir: Failure
circt_splited_files/lower-while_split_1733552009_1.mlir: Failure
circt_splited_files/materialize-errors_split_1733552009_1.mlir: Failure
circt_splited_files/materialize-errors_split_1733552009_2.mlir: Failure
circt_splited_files/materialize-fsm_split_1733552009_1.mlir: Failure
circt_splited_files/remove-groups_split_1733552009_1.mlir: Failure
circt_splited_files/comb-to-aig_split_1733552009_1.mlir: Failure
circt_splited_files/comb-to-arith_split_1733552009_1.mlir: Failure
circt_splited_files/comb-to-smt-error_split_1733552009_1.mlir: Failure
circt_splited_files/comb-to-smt-error_split_1733552009_2.mlir: Failure
circt_splited_files/comb-to-smt-error_split_1733552009_3.mlir: Failure
circt_splited_files/comb-to-smt-error_split_1733552009_4.mlir: Failure
circt_splited_files/comb-to-smt-error_split_1733552009_5.mlir: Failure
circt_splited_files/comb-to-smt_split_1733552009_1.mlir: Failure
circt_splited_files/func-dependency_split_1733552009_1.mlir: Failure
circt_splited_files/basic_split_1733552009_1.mlir: Failure
circt_splited_files/convert-to-arcs-errors_split_1733552009_1.mlir: Failure
circt_splited_files/convert-to-arcs-names_split_1733552009_1.mlir: Failure
circt_splited_files/convert-to-arcs_split_1733552009_1.mlir: Failure
circt_splited_files/errors_split_1733552009_1.mlir: Failure
circt_splited_files/errors_split_1733552009_2.mlir: Failure
circt_splited_files/errors_split_1733552009_3.mlir: Failure
circt_splited_files/errors_split_1733552009_4.mlir: Failure
circt_splited_files/intrinsics-errors_split_1733552009_1.mlir: Failure
circt_splited_files/intrinsics-errors_split_1733552009_2.mlir: Failure
circt_splited_files/intrinsics-errors_split_1733552009_3.mlir: Failure
circt_splited_files/intrinsics_split_1733552009_1.mlir: Failure
circt_splited_files/lower-to-hw-errors_split_1733552009_1.mlir: Failure
circt_splited_files/lower-to-hw-errors_split_1733552009_2.mlir: Failure
circt_splited_files/lower-to-hw-errors_split_1733552009_3.mlir: Failure
circt_splited_files/lower-to-hw-errors_split_1733552009_4.mlir: Failure
circt_splited_files/lower-to-hw-errors_split_1733552009_5.mlir: Failure
circt_splited_files/lower-to-hw-errors_split_1733552009_6.mlir: Failure
circt_splited_files/lower-to-hw-errors_split_1733552009_7.mlir: Failure
circt_splited_files/lower-to-hw-errors_split_1733552009_8.mlir: Failure
circt_splited_files/lower-to-hw-errors_split_1733552009_9.mlir: Failure
circt_splited_files/lower-to-hw-errors_split_1733552009_10.mlir: Failure
circt_splited_files/lower-to-hw-errors_split_1733552009_11.mlir: Failure
circt_splited_files/lower-to-hw-errors_split_1733552009_12.mlir: Failure
circt_splited_files/lower-to-hw-errors_split_1733552009_13.mlir: Failure
circt_splited_files/lower-to-hw-errors_split_1733552009_14.mlir: Failure
circt_splited_files/lower-to-hw-errors_split_1733552009_15.mlir: Failure
circt_splited_files/lower-to-hw-errors_split_1733552009_16.mlir: Failure
circt_splited_files/lower-to-hw-errors_split_1733552009_17.mlir: Failure
circt_splited_files/lower-to-hw-errors_split_1733552009_18.mlir: Failure
circt_splited_files/lower-to-hw-memories_split_1733552010_1.mlir: Failure
circt_splited_files/lower-to-hw-module_split_1733552010_1.mlir: Failure
circt_splited_files/lower-to-hw_split_1733552010_1.mlir: Failure
circt_splited_files/lower-to-hw_split_1733552010_2.mlir: Failure
circt_splited_files/lower-to-hw_split_1733552010_3.mlir: Failure
circt_splited_files/lower-to-hw_split_1733552010_4.mlir: Failure
circt_splited_files/lower-to-hw_split_1733552010_5.mlir: Failure
circt_splited_files/lower-to-hw_split_1733552010_6.mlir: Failure
circt_splited_files/lower-to-hw_split_1733552010_7.mlir: Failure
circt_splited_files/lower-to-hw_split_1733552010_8.mlir: Failure
circt_splited_files/lower-to-hw_split_1733552010_9.mlir: Failure
circt_splited_files/lower-to-hw_split_1733552010_10.mlir: Failure
circt_splited_files/module-hierarchy-file_split_1733552010_1.mlir: Failure
circt_splited_files/module-hierarchy-file_split_1733552010_2.mlir: Failure
circt_splited_files/module-hierarchy-file_split_1733552010_3.mlir: Failure
circt_splited_files/module-hierarchy-file_split_1733552010_4.mlir: Failure
circt_splited_files/module-hierarchy-file_split_1733552010_5.mlir: Failure
circt_splited_files/zero-width_split_1733552010_1.mlir: Failure
circt_splited_files/test_basic_split_1733552010_1.mlir: Failure
circt_splited_files/test_basic_split_1733552010_2.mlir: Failure
circt_splited_files/test_basic_split_1733552010_3.mlir: Failure
circt_splited_files/test_basic_split_1733552010_4.mlir: Failure
circt_splited_files/test_basic_split_1733552010_5.mlir: Failure
circt_splited_files/test_errors_split_1733552010_1.mlir: Failure
circt_splited_files/test_basic_split_1733552010_6.mlir: Failure
circt_splited_files/test_basic_split_1733552010_7.mlir: Failure
circt_splited_files/test_basic_split_1733552010_8.mlir: Failure
circt_splited_files/test_basic_split_1733552010_9.mlir: Failure
circt_splited_files/test_basic_split_1733552010_10.mlir: Failure
circt_splited_files/test_basic_split_1733552010_11.mlir: Failure
circt_splited_files/test_basic_split_1733552010_12.mlir: Failure
circt_splited_files/comb_split_1733552010_1.mlir: Failure
circt_splited_files/combOOO_split_1733552010_1.mlir: Failure
circt_splited_files/compreg-resets_split_1733552010_1.mlir: Failure
circt_splited_files/compreg_split_1733552010_1.mlir: Failure
circt_splited_files/errors_split_1733552010_1.mlir: Failure
circt_splited_files/errors_split_1733552010_2.mlir: Failure
circt_splited_files/errors_split_1733552010_3.mlir: Failure
circt_splited_files/init_split_1733552010_1.mlir: Failure
circt_splited_files/seq_split_1733552010_1.mlir: Failure
circt_splited_files/convert_aggregates_split_1733552010_1.mlir: Failure
circt_splited_files/hw-to-smt-errors_split_1733552010_1.mlir: Failure
circt_splited_files/hw-to-smt_split_1733552011_1.mlir: Failure
circt_splited_files/test_trigger_split_1733552011_1.mlir: Failure
circt_splited_files/errors_split_1733552011_1.mlir: Failure
circt_splited_files/errors_split_1733552011_2.mlir: Failure
circt_splited_files/errors_split_1733552011_3.mlir: Failure
circt_splited_files/structure_split_1733552011_1.mlir: Failure
circt_splited_files/basic_split_1733552011_1.mlir: Failure
circt_splited_files/test_buffer_split_1733552011_1.mlir: Failure
circt_splited_files/test_buffer_split_1733552011_2.mlir: Failure
circt_splited_files/test_buffer_split_1733552011_3.mlir: Failure
circt_splited_files/test_cmerge_split_1733552011_1.mlir: Failure
circt_splited_files/test_cmerge_split_1733552011_2.mlir: Failure
circt_splited_files/test_cond_br_split_1733552011_1.mlir: Failure
circt_splited_files/test_cond_br_split_1733552011_2.mlir: Failure
circt_splited_files/test_constant_split_1733552011_1.mlir: Failure
circt_splited_files/test_fork_split_1733552011_1.mlir: Failure
circt_splited_files/test_fork_split_1733552011_2.mlir: Failure
circt_splited_files/test_instance_split_1733552011_1.mlir: Failure
circt_splited_files/test_instance_split_1733552011_2.mlir: Failure
circt_splited_files/test_instance_split_1733552011_3.mlir: Failure
circt_splited_files/test_join_split_1733552011_1.mlir: Failure
circt_splited_files/test_join_split_1733552011_2.mlir: Failure
circt_splited_files/test_mux_split_1733552011_1.mlir: Failure
circt_splited_files/test_mux_split_1733552011_2.mlir: Failure
circt_splited_files/test_pack_unpack_split_1733552011_1.mlir: Failure
circt_splited_files/test_pack_unpack_split_1733552011_2.mlir: Failure
circt_splited_files/test_select_split_1733552011_1.mlir: Failure
circt_splited_files/test_simple_loop_split_1733552011_1.mlir: Failure
circt_splited_files/test_sink_split_1733552011_1.mlir: Failure
circt_splited_files/test_source_split_1733552011_1.mlir: Failure
circt_splited_files/test_struct_create_split_1733552011_1.mlir: Failure
circt_splited_files/test_sync_split_1733552011_1.mlir: Failure
circt_splited_files/assertproperty_split_1733552011_1.mlir: Failure
circt_splited_files/convert_pipeline_split_1733552011_1.mlir: Failure
circt_splited_files/convert_pipeline_split_1733552011_2.mlir: Failure
circt_splited_files/convert_pipeline_split_1733552011_3.mlir: Failure
circt_splited_files/convert_pipeline_split_1733552011_4.mlir: Failure
circt_splited_files/errors_split_1733552012_1.mlir: Failure
circt_splited_files/errors_split_1733552012_2.mlir: Failure
circt_splited_files/test_basic_split_1733552012_1.mlir: Failure
circt_splited_files/test_basic_split_1733552012_2.mlir: Failure
circt_splited_files/test_basic_split_1733552012_3.mlir: Failure
circt_splited_files/test_basic_split_1733552012_4.mlir: Failure
circt_splited_files/test_ce_split_1733552012_1.mlir: Failure
circt_splited_files/test_clockgates_split_1733552012_1.mlir: Failure
circt_splited_files/test_poweron_split_1733552012_1.mlir: Failure
circt_splited_files/cider_source_location_split_1733552012_1.mlir: Failure
circt_splited_files/convert_controlflow_split_1733552012_1.mlir: Failure
circt_splited_files/convert_controlflow_split_1733552012_2.mlir: Failure
circt_splited_files/convert_controlflow_split_1733552012_3.mlir: Failure
circt_splited_files/convert_controlflow_split_1733552012_4.mlir: Failure
circt_splited_files/convert_controlflow_split_1733552012_5.mlir: Failure
circt_splited_files/convert_controlflow_split_1733552012_6.mlir: Failure
circt_splited_files/convert_controlflow_split_1733552012_7.mlir: Failure
circt_splited_files/convert_controlflow_split_1733552012_8.mlir: Failure
circt_splited_files/convert_func_split_1733552012_1.mlir: Failure
circt_splited_files/convert_func_split_1733552012_2.mlir: Failure
circt_splited_files/convert_func_split_1733552012_3.mlir: Failure
circt_splited_files/convert_func_split_1733552012_4.mlir: Failure
circt_splited_files/convert_memory_split_1733552012_1.mlir: Failure
circt_splited_files/convert_memory_split_1733552012_2.mlir: Failure
circt_splited_files/convert_memory_split_1733552012_3.mlir: Failure
circt_splited_files/convert_memory_split_1733552012_4.mlir: Failure
circt_splited_files/convert_memory_split_1733552012_5.mlir: Failure
circt_splited_files/convert_memory_split_1733552012_6.mlir: Failure
circt_splited_files/convert_memory_split_1733552012_7.mlir: Failure
circt_splited_files/convert_memory_split_1733552012_8.mlir: Failure
circt_splited_files/convert_memory_split_1733552012_9.mlir: Failure
circt_splited_files/convert_memory_split_1733552012_10.mlir: Failure
circt_splited_files/convert_memory_split_1733552012_11.mlir: Failure
circt_splited_files/convert_memory_split_1733552012_12.mlir: Failure
circt_splited_files/convert_memory_split_1733552012_13.mlir: Failure
circt_splited_files/convert_memory_split_1733552012_14.mlir: Failure
circt_splited_files/convert_simple_split_1733552012_1.mlir: Failure
circt_splited_files/convert_simple_split_1733552012_2.mlir: Failure
circt_splited_files/convert_simple_split_1733552012_3.mlir: Failure
circt_splited_files/convert_simple_split_1733552012_4.mlir: Failure
circt_splited_files/convert_simple_split_1733552012_5.mlir: Failure
circt_splited_files/convert_simple_split_1733552012_6.mlir: Failure
circt_splited_files/convert_simple_split_1733552012_7.mlir: Failure
circt_splited_files/convert_simple_split_1733552012_8.mlir: Failure
circt_splited_files/convert_simple_split_1733552012_9.mlir: Failure
circt_splited_files/convert_simple_split_1733552012_10.mlir: Failure
circt_splited_files/convert_simple_split_1733552012_11.mlir: Failure
circt_splited_files/convert_simple_split_1733552012_12.mlir: Failure
circt_splited_files/convert_simple_split_1733552012_13.mlir: Failure
circt_splited_files/errors_split_1733552012_3.mlir: Failure
circt_splited_files/errors_split_1733552012_4.mlir: Failure
circt_splited_files/errors_split_1733552012_5.mlir: Failure
circt_splited_files/float_compare_split_1733552012_1.mlir: Failure
circt_splited_files/float_compare_split_1733552012_2.mlir: Failure
circt_splited_files/float_compare_split_1733552012_3.mlir: Failure
circt_splited_files/float_compare_split_1733552012_4.mlir: Failure
circt_splited_files/float_compare_split_1733552012_5.mlir: Failure
circt_splited_files/float_compare_split_1733552012_6.mlir: Failure
circt_splited_files/float_compare_split_1733552012_7.mlir: Failure
circt_splited_files/float_compare_split_1733552012_8.mlir: Failure
circt_splited_files/float_compare_split_1733552012_9.mlir: Failure
circt_splited_files/float_compare_split_1733552012_10.mlir: Failure
circt_splited_files/float_compare_split_1733552012_11.mlir: Failure
circt_splited_files/float_compare_split_1733552012_12.mlir: Failure
circt_splited_files/float_compare_split_1733552012_13.mlir: Failure
circt_splited_files/float_compare_split_1733552012_14.mlir: Failure
circt_splited_files/float_compare_split_1733552012_15.mlir: Failure
circt_splited_files/float_compare_split_1733552012_16.mlir: Failure
circt_splited_files/smt-to-z3-llvm_split_1733552012_1.mlir: Failure
circt_splited_files/compreg_split_1733552012_1.mlir: Failure
circt_splited_files/error_split_1733552012_1.mlir: Failure
circt_splited_files/header_split_1733552012_1.mlir: Failure
circt_splited_files/dpi_split_1733552012_1.mlir: Failure
circt_splited_files/plusargs_split_1733552012_1.mlir: Failure
circt_splited_files/stop_split_1733552012_1.mlir: Failure
circt_splited_files/verif-to-smt-errors_split_1733552012_1.mlir: Failure
circt_splited_files/verif-to-smt-errors_split_1733552012_2.mlir: Failure
circt_splited_files/verif-to-smt-errors_split_1733552012_3.mlir: Failure
circt_splited_files/verif-to-smt-errors_split_1733552012_4.mlir: Failure
circt_splited_files/verif-to-smt-errors_split_1733552012_5.mlir: Failure
circt_splited_files/verif-to-smt-errors_split_1733552012_6.mlir: Failure
circt_splited_files/verif-to-smt-errors_split_1733552012_7.mlir: Failure
circt_splited_files/verif-to-smt-errors_split_1733552012_8.mlir: Failure
circt_splited_files/verif-to-smt_split_1733552012_1.mlir: Failure
circt_splited_files/test_print_split_1733552013_1.mlir: Failure
circt_splited_files/verif-to-sv_split_1733552013_1.mlir: Failure
circt_splited_files/basic_split_1733552013_1.mlir: Failure
circt_splited_files/primitives_split_1733552013_1.mlir: Failure
circt_splited_files/primitives_split_1733552013_2.mlir: Failure
circt_splited_files/primitives_split_1733552013_3.mlir: Failure
