2024-11-22 01:24:27,495 | INFO     | root | logging_config.py:87 | Logging system initialized with colored output
2024-11-22 01:24:27,495 | DEBUG    | __main__ | logging_config.py:95 | 这是一条调试信息 - Cyan色
2024-11-22 01:24:27,495 | INFO     | __main__ | logging_config.py:96 | 这是一条普通信息 - Green色
2024-11-22 01:24:27,495 | WARNING  | __main__ | logging_config.py:97 | 这是一条警告信息 - Yellow色
2024-11-22 01:24:27,495 | ERROR    | __main__ | logging_config.py:98 | 这是一条错误信息 - Red色
2024-11-22 01:24:27,495 | CRITICAL | __main__ | logging_config.py:99 | 这是一条严重错误信息 - Red色带白色背景
2024-11-22 01:24:27,495 | ERROR    | __main__ | logging_config.py:105 | 捕获到一个异常
Traceback (most recent call last):
  File "/home/gaoshihao/learn/python/compass/config/logging_config.py", line 103, in <module>
    raise ValueError("示例异常")
ValueError: 示例异常
2024-11-22 01:27:04,603 | ERROR    | __main__ | logging_config.py:98 | 这是一条错误信息 - Red色
2024-11-22 01:27:04,603 | CRITICAL | __main__ | logging_config.py:99 | 这是一条严重错误信息 - Red色带白色背景
2024-11-22 01:27:04,603 | ERROR    | __main__ | logging_config.py:105 | 捕获到一个异常
Traceback (most recent call last):
  File "/home/gaoshihao/learn/python/compass/config/logging_config.py", line 103, in <module>
    raise ValueError("示例异常")
ValueError: 示例异常
2024-11-22 01:27:15,196 | INFO     | root | logging_config.py:87 | Logging system initialized with colored output
2024-11-22 01:27:15,196 | DEBUG    | __main__ | logging_config.py:95 | 这是一条调试信息 - Cyan色
2024-11-22 01:27:15,196 | INFO     | __main__ | logging_config.py:96 | 这是一条普通信息 - Green色
2024-11-22 01:27:15,196 | WARNING  | __main__ | logging_config.py:97 | 这是一条警告信息 - Yellow色
2024-11-22 01:27:15,197 | ERROR    | __main__ | logging_config.py:98 | 这是一条错误信息 - Red色
2024-11-22 01:27:15,197 | CRITICAL | __main__ | logging_config.py:99 | 这是一条严重错误信息 - Red色带白色背景
2024-11-22 01:27:15,197 | ERROR    | __main__ | logging_config.py:105 | 捕获到一个异常
Traceback (most recent call last):
  File "/home/gaoshihao/learn/python/compass/config/logging_config.py", line 103, in <module>
    raise ValueError("示例异常")
ValueError: 示例异常
2024-11-22 01:27:29,465 | INFO     | root | logging_config.py:87 | Logging system initialized with colored output
2024-11-22 01:27:29,465 | INFO     | __main__ | logging_config.py:96 | 这是一条普通信息 - Green色
2024-11-22 01:27:29,465 | ERROR    | __main__ | logging_config.py:105 | 捕获到一个异常
Traceback (most recent call last):
  File "/home/gaoshihao/learn/python/compass/config/logging_config.py", line 103, in <module>
    raise ValueError("示例异常")
ValueError: 示例异常
2024-11-22 01:29:47,813 | INFO     | root | logging_config.py:87 | Logging system initialized with colored output
2024-11-22 01:29:47,813 | DEBUG    | __main__ | logging_config.py:95 | 这是一条调试信息 - Cyan色
2024-11-22 01:29:47,814 | INFO     | __main__ | logging_config.py:96 | 这是一条普通信息 - Green色
2024-11-22 01:29:47,814 | WARNING  | __main__ | logging_config.py:97 | 这是一条警告信息 - Yellow色
2024-11-22 01:29:47,814 | ERROR    | __main__ | logging_config.py:98 | 这是一条错误信息 - Red色
2024-11-22 01:29:47,814 | CRITICAL | __main__ | logging_config.py:99 | 这是一条严重错误信息 - Red色带白色背景
2024-11-22 01:29:47,814 | ERROR    | __main__ | logging_config.py:105 | 捕获到一个异常
Traceback (most recent call last):
  File "/home/gaoshihao/learn/python/compass/config/logging_config.py", line 103, in <module>
    raise ValueError("示例异常")
ValueError: 示例异常
2024-11-22 01:30:03,647 | INFO     | root | logging_config.py:87 | Logging system initialized with colored output
2024-11-22 01:30:03,647 | DEBUG    | __main__ | logging_config.py:95 | 这是一条调试信息 - Cyan色
2024-11-22 01:30:03,647 | INFO     | __main__ | logging_config.py:96 | 这是一条普通信息 - Green色
2024-11-22 01:30:03,647 | WARNING  | __main__ | logging_config.py:97 | 这是一条警告信息 - Yellow色
2024-11-22 01:30:03,647 | ERROR    | __main__ | logging_config.py:98 | 这是一条错误信息 - Red色
2024-11-22 01:30:03,647 | CRITICAL | __main__ | logging_config.py:99 | 这是一条严重错误信息 - Red色带白色背景
2024-11-22 01:30:03,647 | ERROR    | __main__ | logging_config.py:105 | 捕获到一个异常
Traceback (most recent call last):
  File "/home/gaoshihao/learn/python/compass/config/logging_config.py", line 103, in <module>
    raise ValueError("示例异常")
ValueError: 示例异常
